
============================================================
2026-06-23 13:28:39.839284
Traceback (most recent call last):
  File "c:\KOSMOS_IHM\controllers\evenements_controller.py", line 761, in _update_histogram
    if old.isRunning():
       ^^^^^^^^^^^^^^^
RuntimeError: wrapped C/C++ object of type _HistWorker has been deleted

============================================================
2026-06-23 13:28:43.837132
Traceback (most recent call last):
  File "c:\KOSMOS_IHM\controllers\evenements_controller.py", line 761, in _update_histogram
    if old.isRunning():
       ^^^^^^^^^^^^^^^
RuntimeError: wrapped C/C++ object of type _HistWorker has been deleted

============================================================
2026-06-23 13:28:47.850282
Traceback (most recent call last):
  File "c:\KOSMOS_IHM\controllers\evenements_controller.py", line 761, in _update_histogram
    if old.isRunning():
       ^^^^^^^^^^^^^^^
RuntimeError: wrapped C/C++ object of type _HistWorker has been deleted

============================================================
2026-06-23 13:28:51.836670
Traceback (most recent call last):
  File "c:\KOSMOS_IHM\controllers\evenements_controller.py", line 761, in _update_histogram
    if old.isRunning():
       ^^^^^^^^^^^^^^^
RuntimeError: wrapped C/C++ object of type _HistWorker has been deleted

============================================================
2026-06-23 13:28:55.837563
Traceback (most recent call last):
  File "c:\KOSMOS_IHM\controllers\evenements_controller.py", line 761, in _update_histogram
    if old.isRunning():
       ^^^^^^^^^^^^^^^
RuntimeError: wrapped C/C++ object of type _HistWorker has been deleted

============================================================
2026-06-23 13:28:59.849434
Traceback (most recent call last):
  File "c:\KOSMOS_IHM\controllers\evenements_controller.py", line 761, in _update_histogram
    if old.isRunning():
       ^^^^^^^^^^^^^^^
RuntimeError: wrapped C/C++ object of type _HistWorker has been deleted

============================================================
2026-06-23 13:29:03.673413
Traceback (most recent call last):
  File "c:\KOSMOS_IHM\controllers\evenements_controller.py", line 705, in _on_hist_playback_state
    self._update_histogram()
  File "c:\KOSMOS_IHM\controllers\evenements_controller.py", line 761, in _update_histogram
    if old.isRunning():
       ^^^^^^^^^^^^^^^
RuntimeError: wrapped C/C++ object of type _HistWorker has been deleted

============================================================
2026-06-23 13:37:39.703371
Traceback (most recent call last):
  File "c:\KOSMOS_IHM\controllers\evenements_controller.py", line 705, in _on_hist_playback_state
    self._update_histogram()
  File "c:\KOSMOS_IHM\controllers\evenements_controller.py", line 761, in _update_histogram
    if old.isRunning():
       ^^^^^^^^^^^^^^^
RuntimeError: wrapped C/C++ object of type _HistWorker has been deleted

============================================================
2026-06-23 13:37:40.236063
Traceback (most recent call last):
  File "c:\KOSMOS_IHM\controllers\evenements_controller.py", line 705, in _on_hist_playback_state
    self._update_histogram()
  File "c:\KOSMOS_IHM\controllers\evenements_controller.py", line 761, in _update_histogram
    if old.isRunning():
       ^^^^^^^^^^^^^^^
RuntimeError: wrapped C/C++ object of type _HistWorker has been deleted

============================================================
2026-06-23 13:37:40.594863
Traceback (most recent call last):
  File "c:\KOSMOS_IHM\controllers\evenements_controller.py", line 705, in _on_hist_playback_state
    self._update_histogram()
  File "c:\KOSMOS_IHM\controllers\evenements_controller.py", line 761, in _update_histogram
    if old.isRunning():
       ^^^^^^^^^^^^^^^
RuntimeError: wrapped C/C++ object of type _HistWorker has been deleted

============================================================
2026-06-23 13:37:41.772465
Traceback (most recent call last):
  File "c:\KOSMOS_IHM\controllers\evenements_controller.py", line 761, in _update_histogram
    if old.isRunning():
       ^^^^^^^^^^^^^^^
RuntimeError: wrapped C/C++ object of type _HistWorker has been deleted

============================================================
2026-06-23 13:37:45.490086
Traceback (most recent call last):
  File "c:\KOSMOS_IHM\controllers\evenements_controller.py", line 761, in _update_histogram
    if old.isRunning():
       ^^^^^^^^^^^^^^^
RuntimeError: wrapped C/C++ object of type _HistWorker has been deleted

============================================================
2026-06-23 13:37:48.352848
Traceback (most recent call last):
  File "c:\KOSMOS_IHM\controllers\evenements_controller.py", line 705, in _on_hist_playback_state
    self._update_histogram()
  File "c:\KOSMOS_IHM\controllers\evenements_controller.py", line 761, in _update_histogram
    if old.isRunning():
       ^^^^^^^^^^^^^^^
RuntimeError: wrapped C/C++ object of type _HistWorker has been deleted

============================================================
2026-06-23 13:39:03.135931
Traceback (most recent call last):
  File "C:\Users\Administrateur\AppData\Local\Programs\Python\Python312\Lib\site-packages\matplotlib\backends\backend_qt.py", line 265, in eventFilter
    def eventFilter(self, source, event):
    
KeyboardInterrupt

============================================================
2026-06-23 14:09:17.815351
Traceback (most recent call last):
  File "C:\Users\Administrateur\AppData\Local\Programs\Python\Python312\Lib\site-packages\pyqtgraph\__init__.py", line 233, in cleanup
    def cleanup():
    
KeyboardInterrupt

============================================================
2026-06-23 14:23:41.173671
Traceback (most recent call last):
  File "c:\KOSMOS_IHM\views\widgets\timeline_widget.py", line 490, in mouseMoveEvent
    def mouseMoveEvent(self, event):
    
KeyboardInterrupt

============================================================
2026-06-23 14:23:43.438557
Traceback (most recent call last):
  File "c:\KOSMOS_IHM\views\widgets\video_player_dialog.py", line 152, in closeEvent
    def closeEvent(self, event: QtGui.QCloseEvent):
    
KeyboardInterrupt

============================================================
2026-06-25 15:21:38.595348
Traceback (most recent call last):
  File "C:\Users\Administrateur\AppData\Local\Programs\Python\Python312\Lib\site-packages\matplotlib\backends\backend_qt.py", line 265, in eventFilter
    def eventFilter(self, source, event):
    
KeyboardInterrupt

============================================================
2026-06-25 15:23:45.551375
Traceback (most recent call last):
  File "C:\Users\Administrateur\AppData\Local\Programs\Python\Python312\Lib\site-packages\matplotlib\backends\backend_qt.py", line 265, in eventFilter
    def eventFilter(self, source, event):
    
KeyboardInterrupt

============================================================
2026-06-25 15:29:07.665575
Traceback (most recent call last):
  File "C:\Users\Administrateur\AppData\Local\Programs\Python\Python312\Lib\site-packages\matplotlib\backends\backend_qt.py", line 265, in eventFilter
    def eventFilter(self, source, event):
    
KeyboardInterrupt

============================================================
2026-06-25 15:53:35.026613
Traceback (most recent call last):
  File "C:\Users\Administrateur\AppData\Local\Programs\Python\Python312\Lib\site-packages\matplotlib\backends\backend_qt.py", line 265, in eventFilter
    def eventFilter(self, source, event):
    
KeyboardInterrupt

============================================================
2026-06-25 15:54:20.704650
Traceback (most recent call last):
  File "c:\KOSMOS_IHM\views\widgets\embedded_player.py", line 880, in on_player_position_changed
    def on_player_position_changed(self, position_ms: int):
    
KeyboardInterrupt

============================================================
2026-06-25 15:54:20.853953
Traceback (most recent call last):
  File "c:\KOSMOS_IHM\views\widgets\embedded_player.py", line 880, in on_player_position_changed
    def on_player_position_changed(self, position_ms: int):
    
KeyboardInterrupt

============================================================
2026-06-25 15:54:21.004596
Traceback (most recent call last):
  File "c:\KOSMOS_IHM\views\widgets\timeline_widget.py", line 148, in paintEvent
    def paintEvent(self, event):
    
KeyboardInterrupt

============================================================
2026-06-25 15:54:21.154504
Traceback (most recent call last):
  File "c:\KOSMOS_IHM\views\widgets\embedded_player.py", line 880, in on_player_position_changed
    def on_player_position_changed(self, position_ms: int):
    
KeyboardInterrupt

============================================================
2026-06-25 15:54:21.304175
Traceback (most recent call last):
  File "c:\KOSMOS_IHM\views\widgets\embedded_player.py", line 880, in on_player_position_changed
    def on_player_position_changed(self, position_ms: int):
    
KeyboardInterrupt

============================================================
2026-06-25 15:54:21.453936
Traceback (most recent call last):
  File "c:\KOSMOS_IHM\views\widgets\embedded_player.py", line 880, in on_player_position_changed
    def on_player_position_changed(self, position_ms: int):
    
KeyboardInterrupt

============================================================
2026-06-25 15:54:21.654343
Traceback (most recent call last):
  File "c:\KOSMOS_IHM\views\widgets\embedded_player.py", line 880, in on_player_position_changed
    def on_player_position_changed(self, position_ms: int):
    
KeyboardInterrupt

============================================================
2026-06-26 15:47:42.748891
Traceback (most recent call last):
  File "c:\KOSMOS_IHM\views\dialogs\kosmos_connexion_dialog.py", line 146, in _open_planner
    dlg.exec()
KeyboardInterrupt

============================================================
2026-07-01 16:00:24.018804
Traceback (most recent call last):
  File "c:\KOSMOS_IHM\views\dialogs\sftp_dialog.py", line 695, in reject
    self.closeEvent(QtGui.QCloseEvent())
  File "c:\KOSMOS_IHM\views\dialogs\sftp_dialog.py", line 691, in closeEvent
    w.wait(2000)
KeyboardInterrupt

============================================================
2026-07-01 16:03:56.251607
Traceback (most recent call last):
  File "c:\KOSMOS_IHM\views\widgets\embedded_player.py", line 665, in eventFilter
    def eventFilter(self, obj: QtCore.QObject, event: QtCore.QEvent) -> bool:
    
KeyboardInterrupt

============================================================
2026-07-28 15:26:18.996676
Traceback (most recent call last):
  File "C:\Users\Administrateur\AppData\Local\Programs\Python\Python312\Lib\site-packages\matplotlib\backends\backend_qt.py", line 265, in eventFilter
    def eventFilter(self, source, event):
    
KeyboardInterrupt

============================================================
2026-07-30 13:59:22.209421
Traceback (most recent call last):
  File "c:\KOSMOS_IHM\views\widgets\embedded_player.py", line 665, in eventFilter
    def eventFilter(self, obj: QtCore.QObject, event: QtCore.QEvent) -> bool:
    
KeyboardInterrupt

============================================================
2026-07-30 14:05:00.187535
Traceback (most recent call last):
  File "C:\Users\Administrateur\AppData\Local\Programs\Python\Python312\Lib\site-packages\pyqtgraph\__init__.py", line 233, in cleanup
    def cleanup():
    
KeyboardInterrupt

============================================================
2026-07-30 14:55:18.917633
Traceback (most recent call last):
  File "c:\KOSMOS_IHM\views\widgets\embedded_player.py", line 665, in eventFilter
    def eventFilter(self, obj: QtCore.QObject, event: QtCore.QEvent) -> bool:
    
KeyboardInterrupt

============================================================
2026-07-30 15:55:25.288061
Traceback (most recent call last):
  File "C:\Users\Administrateur\AppData\Local\Programs\Python\Python312\Lib\site-packages\matplotlib\backends\backend_qt.py", line 265, in eventFilter
    def eventFilter(self, source, event):
    
KeyboardInterrupt

============================================================
2026-07-31 13:03:39.533009
Traceback (most recent call last):
  File "C:\Users\Administrateur\AppData\Local\Programs\Python\Python312\Lib\site-packages\pyqtgraph\__init__.py", line 233, in cleanup
    def cleanup():
    
KeyboardInterrupt

============================================================
2026-08-04 18:00:05.860951
Traceback (most recent call last):
  File "C:\Users\Administrateur\AppData\Local\Programs\Python\Python312\Lib\site-packages\matplotlib\backends\backend_qt.py", line 265, in eventFilter
    def eventFilter(self, source, event):
    
KeyboardInterrupt

============================================================
2026-08-04 18:12:01.534955
TypeError: invalid argument to sipBadCatcherResult()

============================================================
2026-08-04 18:12:03.078881
TypeError: invalid argument to sipBadCatcherResult()

============================================================
2026-08-04 18:12:05.868896
TypeError: invalid argument to sipBadCatcherResult()

============================================================
2026-08-04 18:12:16.278278
Traceback (most recent call last):
  File "C:\Users\Administrateur\AppData\Local\Programs\Python\Python312\Lib\site-packages\pyqtgraph\__init__.py", line 233, in cleanup
    def cleanup():
    
KeyboardInterrupt

============================================================
2026-08-04 18:20:48.198693
Traceback (most recent call last):
  File "C:\Users\Administrateur\AppData\Local\Programs\Python\Python312\Lib\site-packages\matplotlib\backends\backend_qt.py", line 265, in eventFilter
    def eventFilter(self, source, event):
    
KeyboardInterrupt

============================================================
2026-08-04 18:30:53.060567
Traceback (most recent call last):
  File "C:\Users\Administrateur\AppData\Local\Programs\Python\Python312\Lib\site-packages\matplotlib\backends\backend_qt.py", line 265, in eventFilter
    def eventFilter(self, source, event):
    
KeyboardInterrupt

============================================================
2026-08-12 09:04:18.845697
Traceback (most recent call last):
  File "C:\Users\Administrateur\AppData\Local\Programs\Python\Python312\Lib\site-packages\pyqtgraph\__init__.py", line 233, in cleanup
    def cleanup():
    
KeyboardInterrupt

============================================================
2026-08-12 09:15:47.215184
TypeError: invalid argument to sipBadCatcherResult()

============================================================
2026-08-12 09:16:29.585035
Traceback (most recent call last):
  File "c:\KOSMOS_IHM\views\widgets\embedded_player.py", line 902, in on_player_position_changed
    def on_player_position_changed(self, position_ms: int):
    
KeyboardInterrupt

============================================================
2026-08-12 09:16:29.737435
Traceback (most recent call last):
  File "c:\KOSMOS_IHM\views\widgets\embedded_player.py", line 902, in on_player_position_changed
    def on_player_position_changed(self, position_ms: int):
    
KeyboardInterrupt

============================================================
2026-08-12 09:16:29.885158
Traceback (most recent call last):
  File "c:\KOSMOS_IHM\views\widgets\embedded_player.py", line 902, in on_player_position_changed
    def on_player_position_changed(self, position_ms: int):
    
KeyboardInterrupt

============================================================
2026-08-12 09:16:30.084987
Traceback (most recent call last):
  File "c:\KOSMOS_IHM\views\widgets\embedded_player.py", line 902, in on_player_position_changed
    def on_player_position_changed(self, position_ms: int):
    
KeyboardInterrupt

============================================================
2026-08-12 09:16:30.284209
Traceback (most recent call last):
  File "c:\KOSMOS_IHM\views\widgets\embedded_player.py", line 902, in on_player_position_changed
    def on_player_position_changed(self, position_ms: int):
    
KeyboardInterrupt

============================================================
2026-08-12 09:16:30.435682
Traceback (most recent call last):
  File "c:\KOSMOS_IHM\views\widgets\embedded_player.py", line 902, in on_player_position_changed
    def on_player_position_changed(self, position_ms: int):
    
KeyboardInterrupt

============================================================
2026-08-12 09:16:30.584776
Traceback (most recent call last):
  File "c:\KOSMOS_IHM\views\widgets\embedded_player.py", line 902, in on_player_position_changed
    def on_player_position_changed(self, position_ms: int):
    
KeyboardInterrupt

============================================================
2026-08-12 09:28:59.407486
Traceback (most recent call last):
  File "C:\Users\Administrateur\AppData\Local\Programs\Python\Python312\Lib\site-packages\pyqtgraph\__init__.py", line 233, in cleanup
    def cleanup():
    
KeyboardInterrupt

============================================================
2026-08-12 09:29:12.887855
Traceback (most recent call last):
  File "C:\Users\Administrateur\AppData\Local\Programs\Python\Python312\Lib\site-packages\pyqtgraph\__init__.py", line 233, in cleanup
    def cleanup():
    
KeyboardInterrupt

============================================================
2026-08-12 09:42:05.199532
Traceback (most recent call last):
  File "C:\Users\Administrateur\AppData\Local\Programs\Python\Python312\Lib\site-packages\matplotlib\backends\backend_qt.py", line 265, in eventFilter
    def eventFilter(self, source, event):
    
KeyboardInterrupt

============================================================
2026-08-12 09:42:07.508306
Traceback (most recent call last):
  File "C:\Users\Administrateur\AppData\Local\Programs\Python\Python312\Lib\site-packages\matplotlib\backends\backend_qt.py", line 265, in eventFilter
    def eventFilter(self, source, event):
    
KeyboardInterrupt

============================================================
2026-08-12 09:42:09.028638
Traceback (most recent call last):
  File "C:\Users\Administrateur\AppData\Local\Programs\Python\Python312\Lib\site-packages\matplotlib\backends\backend_qt.py", line 265, in eventFilter
    def eventFilter(self, source, event):
    
KeyboardInterrupt

============================================================
2026-08-12 09:43:03.987724
Traceback (most recent call last):
  File "c:\KOSMOS_IHM\views\widgets\timeline_widget.py", line 148, in paintEvent
    def paintEvent(self, event):
    
KeyboardInterrupt

============================================================
2026-08-12 09:43:20.019004
Traceback (most recent call last):
  File "C:\Users\Administrateur\AppData\Local\Programs\Python\Python312\Lib\site-packages\matplotlib\backends\backend_qt.py", line 265, in eventFilter
    def eventFilter(self, source, event):
    
KeyboardInterrupt

============================================================
2026-08-12 09:54:24.251879
Traceback (most recent call last):
  File "c:\KOSMOS_IHM\controllers\metadonnees_controller.py", line 601, in on_selection_changed
    self._on_video_selected(video_name, self.current_video_path)
  File "c:\KOSMOS_IHM\controllers\app_controller.py", line 156, in _on_meta_video_selected
    self.qualif_ctrl.select_video_by_name(video_name)
  File "c:\KOSMOS_IHM\controllers\qualif_controller.py", line 857, in select_video_by_name
    self.load_exploitable_value()
    ^^^^^^^^^^^^^^^^^^^^^^^^^^^
AttributeError: 'QualifController' object has no attribute 'load_exploitable_value'

============================================================
2026-08-12 10:53:21.396384
Traceback (most recent call last):
  File "C:\Users\Administrateur\AppData\Local\Programs\Python\Python312\Lib\site-packages\pyqtgraph\__init__.py", line 233, in cleanup
    def cleanup():
    
KeyboardInterrupt

============================================================
2026-08-12 11:41:47.583279
TypeError: invalid argument to sipBadCatcherResult()

============================================================
2026-08-12 11:41:50.880609
TypeError: invalid argument to sipBadCatcherResult()

============================================================
2026-08-12 11:42:19.516220
TypeError: invalid argument to sipBadCatcherResult()

============================================================
2026-08-12 12:46:19.489248
TypeError: invalid argument to sipBadCatcherResult()

============================================================
2026-08-12 13:39:00.261690
TypeError: invalid argument to sipBadCatcherResult()

============================================================
2026-08-12 13:43:44.805800
TypeError: invalid argument to sipBadCatcherResult()
